// Jest Snapshot v1, https://goo.gl/fbAQLP

exports[`LoginResetPasswordForm rendering should render correctly 1`] = `
<View
  onLayout={[Function]}
  style={
    Array [
      Object {
        "alignItems": "center",
        "backgroundColor": "#F1F1F1",
        "flex": 1,
        "justifyContent": "center",
        "padding": 16,
      },
      Object {
        "paddingBottom": 0,
      },
    ]
  }
  testID="LoginResetPasswordForm"
>
  <RCTScrollView
    contentContainerStyle={
      Object {
        "flex": 1,
        "flexDirection": "column",
        "justifyContent": "center",
      }
    }
    keyboardShouldPersistTaps="handled"
    style={
      Object {
        "width": "100%",
      }
    }
  >
    <View>
      <Text
        style={
          Object {
            "color": "#222222",
            "fontSize": 15,
            "lineHeight": 24,
            "marginBottom": 24,
          }
        }
      >
        Please check your e-mail's inbox for the password reset code and fill it in below.
      </Text>
      <TextInput
        autoCapitalize="characters"
        autoFocus={false}
        blurOnSubmit={false}
        clearButtonMode="always"
        keyboardType="default"
        onChangeText={[Function]}
        onSubmitEditing={[Function]}
        placeholder="Reset password code, example: A6HC13"
        returnKeyType="next"
        style={
          Object {
            "backgroundColor": "#ffffff",
            "borderColor": "#e5e5e5",
            "borderRadius": 4,
            "borderWidth": 1,
            "fontSize": 15,
            "height": 50,
            "marginBottom": 12,
            "paddingLeft": 16,
            "paddingRight": 16,
          }
        }
        testID="LoginResetPasswordForm-TextInput-reset-password-code"
        textContentType="username"
        value=""
      />
      <TextInput
        autoCapitalize="none"
        autoFocus={false}
        blurOnSubmit={false}
        clearButtonMode="always"
        onChangeText={[Function]}
        onSubmitEditing={[Function]}
        placeholder="Your new password"
        returnKeyType="done"
        secureTextEntry={true}
        style={
          Object {
            "backgroundColor": "#ffffff",
            "borderColor": "#e5e5e5",
            "borderRadius": 4,
            "borderWidth": 1,
            "fontSize": 15,
            "height": 50,
            "marginBottom": 12,
            "paddingLeft": 16,
            "paddingRight": 16,
          }
        }
        testID="LoginResetPasswordForm-TextInput-password"
        textContentType="password"
        value=""
      />
      <View>
        <View
          style={
            Object {
              "borderRadius": 3,
            }
          }
        >
          <View
            accessible={true}
            isTVSelectable={true}
            onResponderGrant={[Function]}
            onResponderMove={[Function]}
            onResponderRelease={[Function]}
            onResponderTerminate={[Function]}
            onResponderTerminationRequest={[Function]}
            onStartShouldSetResponder={[Function]}
            style={
              Object {
                "opacity": 1,
              }
            }
            testID="LoginResetPasswordForm-Button-update-password"
          >
            <View
              style={
                Object {
                  "alignItems": "center",
                  "backgroundColor": "#000000",
                  "borderColor": "#2089dc",
                  "borderRadius": 3,
                  "borderWidth": 0,
                  "flexDirection": "row",
                  "justifyContent": "center",
                  "marginBottom": 16,
                  "padding": 8,
                }
              }
            >
              <Text
                style={
                  Object {
                    "color": "white",
                    "fontSize": 18,
                    "paddingBottom": 1,
                    "paddingTop": 2,
                    "textAlign": "center",
                  }
                }
              >
                Save my new password
              </Text>
            </View>
          </View>
        </View>
      </View>
    </View>
  </RCTScrollView>
</View>
`;
