// Jest Snapshot v1, https://goo.gl/fbAQLP

exports[`ButtonReload rendering should render correctly 1`] = `
<View
  accessible={true}
  clickable={true}
  isTVSelectable={true}
  onClick={[Function]}
  onResponderGrant={[Function]}
  onResponderMove={[Function]}
  onResponderRelease={[Function]}
  onResponderTerminate={[Function]}
  onResponderTerminationRequest={[Function]}
  onStartShouldSetResponder={[Function]}
  style={
    Object {
      "alignItems": "center",
      "height": 40,
      "justifyContent": "center",
      "marginRight": 6,
      "opacity": 1,
      "width": 40,
    }
  }
>
  <Text
    allowFontScaling={false}
    style={
      Array [
        Object {
          "color": "#037DE2",
          "fontSize": 20,
        },
        undefined,
        Object {
          "fontFamily": "Feather",
          "fontStyle": "normal",
          "fontWeight": "normal",
        },
        Object {},
      ]
    }
  >
    ï†»
  </Text>
</View>
`;
