// Jest Snapshot v1, https://goo.gl/fbAQLP

exports[`ButtonUpgrade rendering should render correctly 1`] = `
<View
  style={
    Object {
      "paddingRight": 12,
    }
  }
>
  <View
    accessible={true}
    clickable={true}
    isTVSelectable={true}
    onClick={[Function]}
    onResponderGrant={[Function]}
    onResponderMove={[Function]}
    onResponderRelease={[Function]}
    onResponderTerminate={[Function]}
    onResponderTerminationRequest={[Function]}
    onStartShouldSetResponder={[Function]}
    style={
      Array [
        Object {
          "borderRadius": 28,
          "height": 28,
        },
        Object {
          "backgroundColor": "#037DE2",
        },
      ]
    }
    testID="ButtonTiny-Button"
  >
    <View
      style={
        Array [
          Object {
            "alignItems": "center",
            "borderRadius": 28,
            "flexDirection": "row",
            "height": 28,
            "paddingLeft": 12,
            "paddingRight": 12,
          },
          Object {
            "backgroundColor": "#037DE2",
          },
        ]
      }
    >
      <Text
        style={
          Array [
            Object {
              "fontSize": 13,
              "fontWeight": "600",
            },
            Object {
              "color": "#ffffff",
            },
          ]
        }
      >
        Upgrade
      </Text>
      <View
        style={
          Object {
            "marginLeft": 6,
            "marginRight": -1,
          }
        }
      >
        <Text
          allowFontScaling={false}
          style={
            Array [
              Object {
                "color": "#ffffff",
                "fontSize": 12,
              },
              undefined,
              Object {
                "fontFamily": "FontAwesome5Free-Solid",
                "fontStyle": "normal",
                "fontWeight": "normal",
              },
              Object {
                "fontWeight": "900",
              },
            ]
          }
        >
          ï€…
        </Text>
      </View>
    </View>
  </View>
</View>
`;
