// Jest Snapshot v1, https://goo.gl/fbAQLP

exports[`VideoPlayer rendering should render correctly 1`] = `null`;
