// Jest Snapshot v1, https://goo.gl/fbAQLP

exports[`AudioPlayerSmallEmpty rendering should render correctly 1`] = `
<View
  style={
    Object {
      "height": 55,
    }
  }
>
  <View
    style={
      Object {
        "alignItems": "center",
        "backgroundColor": "#000000",
        "flexDirection": "row",
        "height": 55,
        "justifyContent": "space-around",
        "paddingBottom": 8,
        "paddingLeft": 16,
        "paddingRight": 16,
        "paddingTop": 8,
      }
    }
  >
    <View
      style={
        Object {
          "alignItems": "center",
          "flex": 1,
          "flexDirection": "row",
          "justifyContent": "center",
        }
      }
    >
      <Text
        style={
          Object {
            "color": "#ffffff",
            "fontSize": 15,
            "fontWeight": "600",
          }
        }
      >
        Select an article to listen
      </Text>
    </View>
  </View>
</View>
`;
