// Jest Snapshot v1, https://goo.gl/fbAQLP

exports[`AppBackground rendering should render correctly 1`] = `
<View
  style={
    Object {
      "backgroundColor": "#EEEEEE",
      "flex": 1,
      "padding": 0,
    }
  }
>
  <Text>
    Example!
  </Text>
</View>
`;
