// Jest Snapshot v1, https://goo.gl/fbAQLP

exports[`Usage rendering should render correctly 1`] = `
<View
  style={
    Object {
      "marginTop": -12,
      "paddingLeft": 12,
      "paddingRight": 12,
    }
  }
>
  <View
    style={
      Object {
        "backgroundColor": "#037DE2",
        "borderRadius": 0,
        "marginBottom": 10,
        "padding": 12,
        "paddingBottom": 24,
      }
    }
  >
    <View
      style={
        Object {
          "paddingBottom": 12,
        }
      }
    >
      <View
        style={
          Object {
            "alignItems": "flex-end",
            "flexDirection": "row",
            "marginTop": 12,
          }
        }
      >
        <View>
          <Text
            style={
              Object {
                "color": "#ffffff",
                "fontSize": 32,
                "fontWeight": "700",
                "letterSpacing": -0.75,
              }
            }
          >
            0
          </Text>
        </View>
        <View
          style={
            Object {
              "flexDirection": "row",
              "flexGrow": 1,
              "justifyContent": "space-between",
              "marginBottom": 4,
            }
          }
        >
          <View>
            <Text
              style={
                Object {
                  "color": "#ffffff",
                  "fontSize": 15,
                  "marginLeft": 4,
                  "opacity": 0.7,
                }
              }
              testID="Usage-Text-minutes-used"
            >
              of 30 minutes used
            </Text>
          </View>
          <View>
            <Text
              style={
                Object {
                  "color": "#ffffff",
                  "fontSize": 15,
                  "fontWeight": "700",
                }
              }
              testID="Usage-Text-percentage"
            >
              0%
            </Text>
          </View>
        </View>
      </View>
      <View
        style={
          Object {
            "backgroundColor": "rgba(0, 0, 0, 0.2)",
            "borderRadius": 6,
            "height": 6,
            "marginTop": 6,
            "overflow": "hidden",
          }
        }
      >
        <View
          style={
            Array [
              Object {
                "backgroundColor": "#ffffff",
                "borderRadius": 6,
                "height": 6,
              },
              Object {
                "width": "0%",
              },
            ]
          }
          testID="Usage-View-progress"
        />
      </View>
    </View>
    <View
      style={
        Object {
          "paddingTop": 12,
        }
      }
    >
      <View
        style={
          Object {
            "borderRadius": 3,
          }
        }
      >
        <View
          accessible={true}
          clickable={true}
          isTVSelectable={true}
          onClick={[Function]}
          onResponderGrant={[Function]}
          onResponderMove={[Function]}
          onResponderRelease={[Function]}
          onResponderTerminate={[Function]}
          onResponderTerminationRequest={[Function]}
          onStartShouldSetResponder={[Function]}
          style={
            Object {
              "opacity": 1,
            }
          }
          testID="Usage-Button-upgrade"
        >
          <View
            style={
              Object {
                "alignItems": "center",
                "backgroundColor": "rgba(0, 0, 0, 0.4)",
                "borderColor": "#2089dc",
                "borderRadius": 3,
                "borderWidth": 0,
                "flexDirection": "row",
                "justifyContent": "center",
                "padding": 8,
              }
            }
          >
            <Text
              style={
                Object {
                  "color": "#ffffff",
                  "fontSize": 18,
                  "paddingBottom": 1,
                  "paddingTop": 2,
                  "textAlign": "center",
                }
              }
            >
              Start free Premium or Plus trial
            </Text>
          </View>
        </View>
      </View>
      <Text
        style={
          Object {
            "color": "#ffffff",
            "fontSize": 13,
            "marginTop": 8,
            "opacity": 0.7,
            "textAlign": "center",
          }
        }
        testID="Usage-Text-upgrade-message"
      >
        Upgrade for more minutes and Premium quality voices.
      </Text>
    </View>
  </View>
</View>
`;
