// Jest Snapshot v1, https://goo.gl/fbAQLP

exports[`user selector should return the user's selected voices by language name 1`] = `null`;
