// Jest Snapshot v1, https://goo.gl/fbAQLP

exports[`SmallAudioPlayerContainer rendering should render correctly 1`] = `null`;
