// Jest Snapshot v1, https://goo.gl/fbAQLP

exports[`UpgradeContainerComponent rendering should render correctly 1`] = `
<View
  style={
    Object {
      "flex": 1,
    }
  }
>
  <RCTScrollView
    contentContainerStyle={
      Object {
        "backgroundColor": "#EEEEEE",
        "paddingTop": 12,
      }
    }
  >
    <View>
      <RCTScrollView
        decelerationRate={0}
        horizontal={true}
        pagingEnabled={true}
        scrollEnabled={true}
        showsHorizontalScrollIndicator={false}
        snapToInterval={696}
        style={
          Object {
            "backgroundColor": "#EEEEEE",
            "marginBottom": 12,
            "paddingLeft": 0,
            "paddingRight": 0,
          }
        }
      >
        <View />
      </RCTScrollView>
      <View
        style={
          Object {
            "backgroundColor": "#ffffff",
            "borderTopColor": "#e5e5e5",
            "borderTopWidth": 1,
            "padding": 20,
          }
        }
      >
        <View
          style={
            Object {
              "marginBottom": 12,
            }
          }
        >
          <Text
            style={
              Array [
                Object {
                  "color": "#040404",
                  "fontFamily": "Inter-SemiBold",
                  "fontSize": 28,
                  "lineHeight": 34,
                },
                Object {
                  "color": "#040404",
                  "marginBottom": 20,
                  "marginTop": 12,
                  "textAlign": "center",
                },
              ]
            }
          >
            Upgrade to
Premium or Unlimited
          </Text>
          <View
            style={
              Object {
                "alignItems": "center",
                "borderBottomWidth": 1,
                "borderColor": "rgba(0,0,0,0.05)",
                "flex": 1,
                "flexDirection": "row",
                "paddingBottom": 20,
                "paddingTop": 20,
              }
            }
          >
            <Text
              allowFontScaling={false}
              style={
                Array [
                  Object {
                    "color": undefined,
                    "fontSize": 34,
                  },
                  Object {
                    "color": "#0066FF",
                    "marginLeft": 8,
                    "marginRight": 12,
                    "width": 48,
                  },
                  Object {
                    "fontFamily": "FontAwesome5Free-Regular",
                    "fontStyle": "normal",
                    "fontWeight": "normal",
                  },
                  Object {
                    "fontWeight": "400",
                  },
                ]
              }
            >
              
            </Text>
            <View
              style={
                Object {
                  "flex": 1,
                  "flexDirection": "column",
                }
              }
            >
              <Text
                style={
                  Array [
                    Object {
                      "color": "#040404",
                      "fontFamily": "Inter-SemiBold",
                      "fontSize": 17,
                      "lineHeight": 23,
                    },
                    Object {
                      "color": "#040404",
                      "marginBottom": 4,
                    },
                  ]
                }
              >
                Higher Quality voices
              </Text>
              <Text
                style={
                  Array [
                    Object {
                      "color": "#040404",
                      "fontFamily": "Inter-Regular",
                      "fontSize": 15,
                      "lineHeight": 23,
                    },
                    Object {
                      "color": "#141414",
                    },
                  ]
                }
              >
                Access to our highest quality Premium voices for easier listening. You can preview these Higher Quality voices in the settings screen.
              </Text>
            </View>
          </View>
          <View
            style={
              Object {
                "alignItems": "center",
                "borderBottomWidth": 1,
                "borderColor": "rgba(0,0,0,0.05)",
                "flex": 1,
                "flexDirection": "row",
                "paddingBottom": 20,
                "paddingTop": 20,
              }
            }
          >
            <Text
              allowFontScaling={false}
              style={
                Array [
                  Object {
                    "color": undefined,
                    "fontSize": 34,
                  },
                  Object {
                    "color": "#0066FF",
                    "marginLeft": 8,
                    "marginRight": 12,
                    "width": 48,
                  },
                  Object {
                    "fontFamily": "FontAwesome5Free-Solid",
                    "fontStyle": "normal",
                    "fontWeight": "normal",
                  },
                  Object {
                    "fontWeight": "900",
                  },
                ]
              }
            >
              
            </Text>
            <View
              style={
                Object {
                  "flex": 1,
                  "flexDirection": "column",
                }
              }
            >
              <Text
                style={
                  Array [
                    Object {
                      "color": "#040404",
                      "fontFamily": "Inter-SemiBold",
                      "fontSize": 17,
                      "lineHeight": 23,
                    },
                    Object {
                      "color": "#040404",
                      "marginBottom": 4,
                    },
                  ]
                }
              >
                Voice customization options
              </Text>
              <Text
                style={
                  Array [
                    Object {
                      "color": "#040404",
                      "fontFamily": "Inter-Regular",
                      "fontSize": 15,
                      "lineHeight": 23,
                    },
                    Object {
                      "color": "#141414",
                    },
                  ]
                }
              >
                Choose between a variety of male and female voices with accents like American, British or Australian English.
              </Text>
            </View>
          </View>
          <View
            style={
              Object {
                "alignItems": "center",
                "borderBottomWidth": 1,
                "borderColor": "rgba(0,0,0,0.05)",
                "flex": 1,
                "flexDirection": "row",
                "paddingBottom": 20,
                "paddingTop": 20,
              }
            }
          >
            <Text
              allowFontScaling={false}
              style={
                Array [
                  Object {
                    "color": undefined,
                    "fontSize": 34,
                  },
                  Object {
                    "color": "#0066FF",
                    "marginLeft": 8,
                    "marginRight": 12,
                    "width": 48,
                  },
                  Object {
                    "fontFamily": "FontAwesome5Free-Regular",
                    "fontStyle": "normal",
                    "fontWeight": "normal",
                  },
                  Object {
                    "fontWeight": "400",
                  },
                ]
              }
            >
              
            </Text>
            <View
              style={
                Object {
                  "flex": 1,
                  "flexDirection": "column",
                }
              }
            >
              <Text
                style={
                  Array [
                    Object {
                      "color": "#040404",
                      "fontFamily": "Inter-SemiBold",
                      "fontSize": 17,
                      "lineHeight": 23,
                    },
                    Object {
                      "color": "#040404",
                      "marginBottom": 4,
                    },
                  ]
                }
              >
                More listening limits
              </Text>
              <Text
                style={
                  Array [
                    Object {
                      "color": "#040404",
                      "fontFamily": "Inter-Regular",
                      "fontSize": 15,
                      "lineHeight": 23,
                    },
                    Object {
                      "color": "#141414",
                    },
                  ]
                }
              >
                With our Premium and Unlimited subscription you can enjoy higher listening minutes. Unlimited gives you unlimited listening minutes.
              </Text>
            </View>
          </View>
          <View
            style={
              Object {
                "alignItems": "center",
                "borderBottomWidth": 1,
                "borderColor": "rgba(0,0,0,0.05)",
                "flex": 1,
                "flexDirection": "row",
                "paddingBottom": 20,
                "paddingTop": 20,
              }
            }
          >
            <Text
              allowFontScaling={false}
              style={
                Array [
                  Object {
                    "color": undefined,
                    "fontSize": 28,
                  },
                  Object {
                    "color": "#0066FF",
                    "marginLeft": 8,
                    "marginRight": 12,
                    "width": 48,
                  },
                  Object {
                    "fontFamily": "FontAwesome5Free-Solid",
                    "fontStyle": "normal",
                    "fontWeight": "normal",
                  },
                  Object {
                    "fontWeight": "900",
                  },
                ]
              }
            >
              
            </Text>
            <View
              style={
                Object {
                  "flex": 1,
                  "flexDirection": "column",
                }
              }
            >
              <Text
                style={
                  Array [
                    Object {
                      "color": "#040404",
                      "fontFamily": "Inter-SemiBold",
                      "fontSize": 17,
                      "lineHeight": 23,
                    },
                    Object {
                      "color": "#040404",
                      "marginBottom": 4,
                    },
                  ]
                }
              >
                No advertisements
              </Text>
              <Text
                style={
                  Array [
                    Object {
                      "color": "#040404",
                      "fontFamily": "Inter-Regular",
                      "fontSize": 15,
                      "lineHeight": 23,
                    },
                    Object {
                      "color": "#141414",
                    },
                  ]
                }
              >
                Sponsored content and advertisements helps us continue to provide a free version of Playpost. After upgrading you won’t see any ads, and you’ll be supporting Playpost more directly!
              </Text>
            </View>
          </View>
        </View>
        <View
          style={
            Object {
              "marginBottom": 20,
              "marginTop": 20,
            }
          }
        >
          <Text
            style={
              Array [
                Object {
                  "color": "#040404",
                  "fontFamily": "Inter-Regular",
                  "fontSize": 12,
                  "lineHeight": 15,
                },
                Object {
                  "opacity": 0.5,
                },
              ]
            }
          >
            Payment will be charged to your 
            Apple ID
             account at the confirmation of purchase. Subscription automatically renews unless it is canceled at least 24 hours before the end of the current period. Your account will be charged for renewal within 24 hours prior to the end of the current period. You can manage and cancel your subscriptions by going to your account settings on the App Store after purchase. Refunds are not available for unused portions of a subscription.
          </Text>
          <View
            style={
              Object {
                "flex": 1,
                "flexDirection": "row",
                "justifyContent": "center",
                "marginBottom": 12,
                "marginTop": 12,
              }
            }
          >
            <Text
              onPress={[Function]}
              style={
                Array [
                  Object {
                    "color": "#040404",
                    "fontFamily": "Inter-Regular",
                    "fontSize": 12,
                    "lineHeight": 15,
                  },
                  Array [
                    Object {
                      "opacity": 0.5,
                    },
                    Object {
                      "color": "#040404",
                      "opacity": 1,
                      "textDecorationLine": "underline",
                    },
                  ],
                ]
              }
            >
              Privacy Policy
            </Text>
            <Text
              style={
                Array [
                  Object {
                    "color": "#040404",
                    "fontFamily": "Inter-Regular",
                    "fontSize": 12,
                    "lineHeight": 15,
                  },
                  Object {
                    "opacity": 0.5,
                  },
                ]
              }
            >
               - 
            </Text>
            <Text
              onPress={[Function]}
              style={
                Array [
                  Object {
                    "color": "#040404",
                    "fontFamily": "Inter-Regular",
                    "fontSize": 12,
                    "lineHeight": 15,
                  },
                  Array [
                    Object {
                      "opacity": 0.5,
                    },
                    Object {
                      "color": "#040404",
                      "opacity": 1,
                      "textDecorationLine": "underline",
                    },
                  ],
                ]
              }
            >
              Terms of Use
            </Text>
            <Text
              style={
                Array [
                  Object {
                    "color": "#040404",
                    "fontFamily": "Inter-Regular",
                    "fontSize": 12,
                    "lineHeight": 15,
                  },
                  Object {
                    "opacity": 0.5,
                  },
                ]
              }
            >
               - 
            </Text>
            <Text
              onPress={[Function]}
              style={
                Array [
                  Object {
                    "color": "#040404",
                    "fontFamily": "Inter-Regular",
                    "fontSize": 12,
                    "lineHeight": 15,
                  },
                  Array [
                    Object {
                      "opacity": 0.5,
                    },
                    Object {
                      "color": "#040404",
                      "opacity": 1,
                      "textDecorationLine": "underline",
                    },
                  ],
                ]
              }
            >
              Acceptable Use Policy
            </Text>
          </View>
          <View
            style={
              Object {
                "marginTop": 18,
              }
            }
          >
            <View
              style={
                Object {
                  "borderRadius": 6,
                }
              }
            >
              <View
                accessible={true}
                focusable={true}
                isTVSelectable={true}
                onClick={[Function]}
                onResponderGrant={[Function]}
                onResponderMove={[Function]}
                onResponderRelease={[Function]}
                onResponderTerminate={[Function]}
                onResponderTerminationRequest={[Function]}
                onStartShouldSetResponder={[Function]}
                style={
                  Object {
                    "opacity": 1,
                  }
                }
              >
                <View
                  style={
                    Object {
                      "alignItems": "center",
                      "backgroundColor": "#2089dc",
                      "borderColor": "#2089dc",
                      "borderRadius": 6,
                      "borderWidth": 0,
                      "flexDirection": "row",
                      "height": 50,
                      "justifyContent": "center",
                      "padding": 8,
                    }
                  }
                >
                  <Text
                    style={
                      Object {
                        "color": "white",
                        "fontFamily": "Inter-SemiBold",
                        "fontSize": 17,
                        "lineHeight": 23,
                        "paddingBottom": 1,
                        "paddingTop": 2,
                        "textAlign": "center",
                      }
                    }
                  >
                    Already upgraded? Restore purchase
                  </Text>
                </View>
              </View>
            </View>
            <View
              style={
                Object {
                  "marginTop": 18,
                }
              }
            >
              <View
                style={
                  Object {
                    "borderRadius": 6,
                  }
                }
              >
                <View
                  accessible={true}
                  focusable={true}
                  isTVSelectable={true}
                  onClick={[Function]}
                  onResponderGrant={[Function]}
                  onResponderMove={[Function]}
                  onResponderRelease={[Function]}
                  onResponderTerminate={[Function]}
                  onResponderTerminationRequest={[Function]}
                  onStartShouldSetResponder={[Function]}
                  style={
                    Object {
                      "opacity": 1,
                    }
                  }
                >
                  <View
                    style={
                      Object {
                        "alignItems": "center",
                        "backgroundColor": "transparent",
                        "borderColor": "#E9110B",
                        "borderRadius": 3,
                        "borderWidth": 0,
                        "flexDirection": "row",
                        "justifyContent": "center",
                        "padding": 8,
                      }
                    }
                  >
                    <Text
                      style={
                        Object {
                          "color": "#2089dc",
                          "fontFamily": "Inter-SemiBold",
                          "fontSize": 17,
                          "lineHeight": 23,
                          "paddingBottom": 1,
                          "paddingTop": 2,
                          "textAlign": "center",
                        }
                      }
                    >
                      Cancel active subscription?
                    </Text>
                  </View>
                </View>
              </View>
            </View>
          </View>
        </View>
      </View>
    </View>
  </RCTScrollView>
</View>
`;
