// Jest Snapshot v1, https://goo.gl/fbAQLP

exports[`ButtonClose rendering should render correctly 1`] = `
<View
  accessible={true}
  clickable={true}
  hitSlop={
    Object {
      "bottom": 10,
      "left": 10,
      "right": 10,
      "top": 10,
    }
  }
  isTVSelectable={true}
  onClick={[Function]}
  onResponderGrant={[Function]}
  onResponderMove={[Function]}
  onResponderRelease={[Function]}
  onResponderTerminate={[Function]}
  onResponderTerminationRequest={[Function]}
  onStartShouldSetResponder={[Function]}
  style={
    Object {
      "alignItems": "center",
      "height": 40,
      "justifyContent": "center",
      "marginRight": 6,
      "opacity": 1,
      "width": 40,
    }
  }
  testID="button-close"
>
  <Text
    allowFontScaling={false}
    style={
      Array [
        Object {
          "color": "#000000",
          "fontSize": 26,
        },
        undefined,
        Object {
          "fontFamily": "Feather",
          "fontStyle": "normal",
          "fontWeight": "normal",
        },
        Object {},
      ]
    }
  >
    ïˆ‡
  </Text>
</View>
`;
