// Jest Snapshot v1, https://goo.gl/fbAQLP

exports[`UserThemeProvider rendering should render correctly 1`] = `null`;
