// Jest Snapshot v1, https://goo.gl/fbAQLP

exports[`CustomSectionList basic rendering should render correctly 1`] = `
<View
  style={
    Object {
      "backgroundColor": "#EEEEEE",
      "flex": 1,
    }
  }
>
  <RCTScrollView
    SectionSeparatorComponent={[Function]}
    data={
      Array [
        Object {
          "data": Array [
            Object {
              "title": "Item title",
            },
          ],
          "title": "test",
        },
      ]
    }
    disableVirtualization={false}
    getItem={[Function]}
    getItemCount={[Function]}
    horizontal={false}
    initialNumToRender={10}
    keyExtractor={[Function]}
    maxToRenderPerBatch={10}
    onContentSizeChange={[Function]}
    onEndReachedThreshold={2}
    onLayout={[Function]}
    onMomentumScrollEnd={[Function]}
    onScroll={[Function]}
    onScrollBeginDrag={[Function]}
    onScrollEndDrag={[Function]}
    renderItem={[Function]}
    scrollEventThrottle={50}
    sections={
      Array [
        Object {
          "data": Array [
            Object {
              "title": "Item title",
            },
          ],
          "title": "test",
        },
      ]
    }
    stickyHeaderIndices={Array []}
    stickySectionHeadersEnabled={false}
    style={
      Object {
        "padding": 16,
      }
    }
    updateCellsBatchingPeriod={50}
    windowSize={21}
  >
    <View>
      <View
        onLayout={[Function]}
        style={null}
      />
      <View
        onLayout={[Function]}
        style={null}
      >
        <View>
          <View
            style={
              Object {
                "height": 10,
              }
            }
          />
          <View>
            <View
              style={
                Object {
                  "alignItems": "center",
                  "backgroundColor": "white",
                  "borderBottomLeftRadius": 8,
                  "borderBottomRightRadius": 8,
                  "borderColor": "#bcbbc1",
                  "borderTopLeftRadius": 8,
                  "borderTopRightRadius": 8,
                  "flexDirection": "row",
                  "padding": 14,
                }
              }
            >
              <View
                style={
                  Object {
                    "flex": 1,
                    "justifyContent": "center",
                  }
                }
              >
                <Text
                  style={
                    Object {
                      "backgroundColor": "transparent",
                      "fontSize": 17,
                    }
                  }
                  testID="listItemTitle"
                  theme={
                    Object {
                      "colors": Object {
                        "disabled": "hsl(208, 8%, 90%)",
                        "divider": "#bcbbc1",
                        "error": "#ff190c",
                        "grey0": "#393e42",
                        "grey1": "#43484d",
                        "grey2": "#5e6977",
                        "grey3": "#86939e",
                        "grey4": "#bdc6cf",
                        "grey5": "#e1e8ee",
                        "greyOutline": "#bbb",
                        "platform": Object {
                          "android": Object {
                            "error": "#f44336",
                            "primary": "#2196f3",
                            "secondary": "#9C27B0",
                            "success": "#4caf50",
                            "warning": "#ffeb3b",
                          },
                          "ios": Object {
                            "error": "#ff3b30",
                            "primary": "#007aff",
                            "secondary": "#5856d6",
                            "success": "#4cd964",
                            "warning": "#ffcc00",
                          },
                        },
                        "primary": "#2089dc",
                        "searchBg": "#303337",
                        "secondary": "#8F0CE8",
                        "success": "#52c41a",
                        "warning": "#faad14",
                      },
                    }
                  }
                >
                  Item title
                </Text>
              </View>
            </View>
          </View>
          <View
            style={
              Object {
                "height": 10,
              }
            }
          />
        </View>
      </View>
      <View
        onLayout={[Function]}
        style={null}
      />
    </View>
  </RCTScrollView>
</View>
`;
