// Jest Snapshot v1, https://goo.gl/fbAQLP

exports[`ListSeperator rendering should render correctly 1`] = `
<View
  style={
    Object {
      "backgroundColor": "#ffffff",
      "paddingLeft": 12,
      "paddingRight": 12,
    }
  }
>
  <View
    style={
      Object {
        "borderBottomColor": "#e5e5e5",
        "borderBottomWidth": 0.5,
      }
    }
  />
</View>
`;
