// Jest Snapshot v1, https://goo.gl/fbAQLP

exports[`FavoritesScreen rendering should render correctly 1`] = `
<Memo>
  <Memo
    showActivityIndicator={true}
  >
    <Memo(Connect(Component))
      isFavoriteScreen={true}
    />
  </Memo>
</Memo>
`;
