// Jest Snapshot v1, https://goo.gl/fbAQLP

exports[`PlaylistScreen rendering should render correctly 1`] = `
<Memo>
  <InteractionManaged
    isAnimated={true}
    showActivityIndicator={true}
  >
    <Memo(Connect(PlaylistContainerComponent)) />
  </InteractionManaged>
</Memo>
`;
