// Jest Snapshot v1, https://goo.gl/fbAQLP

exports[`PlayPauseControl rendering should render correctly 1`] = `
<View
  accessible={true}
  hitSlop={
    Object {
      "bottom": 20,
      "left": 20,
      "right": 20,
      "top": 20,
    }
  }
  isTVSelectable={true}
  onResponderGrant={[Function]}
  onResponderMove={[Function]}
  onResponderRelease={[Function]}
  onResponderTerminate={[Function]}
  onResponderTerminationRequest={[Function]}
  onStartShouldSetResponder={[Function]}
  style={
    Object {
      "alignItems": "center",
      "justifyContent": "center",
      "opacity": 1,
    }
  }
>
  <View
    style={
      Object {
        "alignItems": "center",
        "justifyContent": "center",
      }
    }
  >
    <Text
      allowFontScaling={false}
      style={
        Array [
          Object {
            "color": "#ffffff",
            "fontSize": 16,
          },
          Object {
            "marginLeft": 3,
          },
          Object {
            "fontFamily": "FontAwesome5Free-Solid",
            "fontStyle": "normal",
            "fontWeight": "normal",
          },
          Object {
            "fontWeight": "900",
          },
        ]
      }
    >
      
    </Text>
  </View>
</View>
`;
