// Jest Snapshot v1, https://goo.gl/fbAQLP

exports[`BrowserScreen rendering should render correctly 1`] = `
<View
  style={
    Object {
      "backgroundColor": "#EEEEEE",
      "flex": 1,
    }
  }
>
  <View
    style={
      Object {
        "backgroundColor": "#037DE2",
        "height": 5,
        "left": 0,
        "position": "absolute",
        "top": 0,
        "width": "0%",
      }
    }
  />
  <View
    style={
      Object {
        "flex": 1,
        "overflow": "hidden",
      }
    }
  >
    <RNCWKWebView
      cacheEnabled={true}
      decelerationRate={0.998}
      incognito={false}
      messagingEnabled={false}
      onLoadingError={[Function]}
      onLoadingFinish={[Function]}
      onLoadingProgress={[Function]}
      onLoadingStart={[Function]}
      onMessage={[Function]}
      onShouldStartLoadWithRequest={[Function]}
      sharedCookiesEnabled={true}
      source={
        Object {
          "uri": undefined,
        }
      }
      startInLoadingState={true}
      style={
        Array [
          Object {
            "flex": 1,
            "overflow": "hidden",
          },
          Object {
            "backgroundColor": "#ffffff",
          },
          undefined,
          Object {
            "flex": 0,
            "height": 0,
          },
        ]
      }
      thirdPartyCookiesEnabled={true}
      useSharedProcessPool={true}
    />
    <View
      style={
        Object {
          "alignItems": "center",
          "backgroundColor": "white",
          "flex": 1,
          "justifyContent": "center",
        }
      }
    >
      <ActivityIndicator
        animating={true}
        color="#999999"
        hidesWhenStopped={true}
        size="small"
      />
    </View>
  </View>
</View>
`;
