// Jest Snapshot v1, https://goo.gl/fbAQLP

exports[`SettingsLanguagesScreen rendering should render correctly 1`] = `
<Memo>
  <Memo>
    <withNavigation(Connect(LanguagesSelectComponent)) />
  </Memo>
</Memo>
`;
