// Jest Snapshot v1, https://goo.gl/fbAQLP

exports[`SettingsScreen rendering should render correctly 1`] = `
<Memo>
  <Memo(Connect(SettingsContainerComponent)) />
</Memo>
`;
