// Jest Snapshot v1, https://goo.gl/fbAQLP

exports[`SettingsVoicesScreen rendering should render correctly 1`] = `
<Memo>
  <Memo>
    <withNavigation(Connect(VoiceSelectContainerComponent)) />
  </Memo>
</Memo>
`;
