// Jest Snapshot v1, https://goo.gl/fbAQLP

exports[`ShareModal interacting should fire onPressClose when pressing the close button 1`] = `
<View
  style={
    Object {
      "backgroundColor": "#ffffff",
      "borderRadius": 10,
      "elevation": 10,
      "height": 168,
      "padding": 12,
      "shadowColor": "#040404",
      "shadowOffset": Object {
        "height": 2,
        "width": 0,
      },
      "shadowOpacity": 0.5,
      "shadowRadius": 3.84,
      "width": "100%",
    }
  }
>
  <View
    style={
      Object {
        "flex": 1,
        "flexDirection": "column",
        "justifyContent": "space-between",
      }
    }
  >
    <View
      style={
        Object {
          "alignItems": "center",
          "borderRadius": 6,
          "justifyContent": "center",
          "minHeight": 70,
          "textAlign": "center",
        }
      }
    />
    <View
      style={Object {}}
    >
      <View
        style={
          Object {
            "borderRadius": 3,
          }
        }
      >
        <View
          accessible={true}
          focusable={true}
          isTVSelectable={true}
          onClick={[Function]}
          onResponderGrant={[Function]}
          onResponderMove={[Function]}
          onResponderRelease={[Function]}
          onResponderTerminate={[Function]}
          onResponderTerminationRequest={[Function]}
          onStartShouldSetResponder={[Function]}
          style={
            Object {
              "opacity": 1,
            }
          }
          testID="ShareModal-Button-close"
        >
          <View
            style={
              Object {
                "alignItems": "center",
                "backgroundColor": "#2089dc",
                "borderColor": "#2089dc",
                "borderRadius": 3,
                "borderWidth": 0,
                "flexDirection": "row",
                "justifyContent": "center",
                "padding": 8,
              }
            }
          >
            <Text
              style={
                Object {
                  "color": "white",
                  "fontSize": 18,
                  "paddingBottom": 1,
                  "paddingTop": 2,
                  "textAlign": "center",
                }
              }
            >
              Close
            </Text>
          </View>
        </View>
      </View>
    </View>
  </View>
</View>
`;

exports[`ShareModal rendering should render correctly 1`] = `
<View
  style={
    Object {
      "backgroundColor": "#ffffff",
      "borderRadius": 10,
      "elevation": 10,
      "height": 168,
      "padding": 12,
      "shadowColor": "#040404",
      "shadowOffset": Object {
        "height": 2,
        "width": 0,
      },
      "shadowOpacity": 0.5,
      "shadowRadius": 3.84,
      "width": "100%",
    }
  }
>
  <View
    style={
      Object {
        "flex": 1,
        "flexDirection": "column",
        "justifyContent": "space-between",
      }
    }
  >
    <View
      style={
        Object {
          "alignItems": "center",
          "borderRadius": 6,
          "justifyContent": "center",
          "minHeight": 70,
          "textAlign": "center",
        }
      }
    />
    <View
      style={Object {}}
    >
      <View
        style={
          Object {
            "borderRadius": 3,
          }
        }
      >
        <View
          accessible={true}
          focusable={true}
          isTVSelectable={true}
          onClick={[Function]}
          onResponderGrant={[Function]}
          onResponderMove={[Function]}
          onResponderRelease={[Function]}
          onResponderTerminate={[Function]}
          onResponderTerminationRequest={[Function]}
          onStartShouldSetResponder={[Function]}
          style={
            Object {
              "opacity": 1,
            }
          }
          testID="ShareModal-Button-close"
        >
          <View
            style={
              Object {
                "alignItems": "center",
                "backgroundColor": "#2089dc",
                "borderColor": "#2089dc",
                "borderRadius": 3,
                "borderWidth": 0,
                "flexDirection": "row",
                "justifyContent": "center",
                "padding": 8,
              }
            }
          >
            <Text
              style={
                Object {
                  "color": "white",
                  "fontSize": 18,
                  "paddingBottom": 1,
                  "paddingTop": 2,
                  "textAlign": "center",
                }
              }
            >
              Close
            </Text>
          </View>
        </View>
      </View>
    </View>
  </View>
</View>
`;
