// Jest Snapshot v1, https://goo.gl/fbAQLP

exports[`ButtonTiny rendering should render correctly 1`] = `
<View
  accessible={true}
  focusable={true}
  isTVSelectable={true}
  onClick={[Function]}
  onResponderGrant={[Function]}
  onResponderMove={[Function]}
  onResponderRelease={[Function]}
  onResponderTerminate={[Function]}
  onResponderTerminationRequest={[Function]}
  onStartShouldSetResponder={[Function]}
  style={
    Array [
      Object {
        "borderRadius": 28,
        "height": 28,
      },
      Object {
        "backgroundColor": undefined,
      },
    ]
  }
  testID="ButtonTiny-Button"
>
  <View
    style={
      Array [
        Object {
          "alignItems": "center",
          "borderRadius": 28,
          "flexDirection": "row",
          "height": 28,
          "paddingLeft": 12,
          "paddingRight": 12,
        },
        Object {
          "backgroundColor": undefined,
        },
      ]
    }
  >
    <Text
      style={
        Array [
          Object {
            "color": "#040404",
            "fontFamily": "Inter-SemiBold",
            "fontSize": 13,
            "lineHeight": 16,
          },
          Object {
            "color": undefined,
          },
        ]
      }
    >
      Test
    </Text>
  </View>
</View>
`;
